// Jest Snapshot v1, https://goo.gl/fbAQLP

exports[`EditTask.vue should match snapshot 1`] = `
<tr>
  <td
    class="next"
  >
    <input />
  </td>

  <td
    class="first-name"
  >
    <input />
  </td>

  <td
    class="last-name"
  >
    <input />
  </td>

  <td
    class="points"
  >
    <input />
  </td>

  <td
    class="adjusted-points"
  >
    <input />
  </td>

  <td
    class="last-date"
  >
    <input />
  </td>

  <td
    class="impact"
  />

  <td
    class="birth-date"
  >
    <input />
  </td>

  <td
    class="origin"
  >
    <input />
  </td>

  <td>
    <appbutton-stub
      backgroundcolor="blue"
      color="white"
      text="save"
    />

    <appbutton-stub
      backgroundcolor=""
      color=""
      text="delete"
    />
  </td>
</tr>
`;
