// Jest Snapshot v1, https://goo.gl/fbAQLP

exports[`AppContext AppProvider should get createContext api and inject it in the header context 1`] = `
<ContextProvider
  value={
    Object {
      "authenticate": [Function],
      "isAuthenticated": false,
      "loginSilently": [Function],
      "setIsAuthenticated": [Function],
    }
  }
>
  I am the children
</ContextProvider>
`;
