// Jest Snapshot v1, https://goo.gl/fbAQLP

exports[`ProjectHeader template should match snapshot 1`] = `
<thead
  className="project-header"
>
  <tr>
    <th
      className="id"
    >
      <ProjectTable
        background-color="cyan"
        color="black'"
        onClick={[Function]}
        text="id"
      />
    </th>
    <th
      className="name"
    >
      <ProjectTable
        background-color="'cyan'"
        color="'black'"
        onClick={[Function]}
        text="Name"
      />
    </th>
    <th
      className="description"
    >
      <ProjectTable
        background-color="'cyan'"
        color="'black'"
        onClick={[Function]}
        text="description"
      />
    </th>
    <th
      className="points"
    >
      <ProjectTable
        background-color="'cyan'"
        color="'black'"
        onClick={[Function]}
        text="Points"
      />
    </th>
    <th
      className="created-date"
    >
      <ProjectTable
        background-color="'cyan'"
        color="'black'"
        onClick={[Function]}
        text="created Date"
      />
    </th>
    <th
      className="last-date"
    >
      <ProjectTable
        background-color="'cyan'"
        color="'black'"
        onClick={[Function]}
        text="LastDate"
      />
    </th>
    <th
      className="impact"
    >
      Impact
    </th>
    <th
      className="birth-date"
    >
      <ProjectTable
        background-color="'cyan'"
        color="'black'"
        onClick={[Function]}
        text="BirthDate"
      />
    </th>
    <th
      className="origin"
    >
      <ProjectTable
        background-color="'cyan'"
        color="'black'"
        onClick={[Function]}
        text="Origin"
      />
    </th>
    <th
      className="action"
    >
      Action
    </th>
  </tr>
</thead>
`;
