// Jest Snapshot v1, https://goo.gl/fbAQLP

exports[`ProjectBodyModule template should match default snapshot 1`] = `
<tbody
  className="project-body"
>
  <tr>
    <td>
      loading
    </td>
  </tr>
</tbody>
`;

exports[`ProjectBodyModule template should match snapshot with props 1`] = `
<tbody
  className="project-body"
>
  <tr>
    <td>
      loading
    </td>
  </tr>
</tbody>
`;
